// Jest Snapshot v1, https://goo.gl/fbAQLP

exports[`<Card /> should match snapshot 1`] = `
<View
  style={
    Object {
      "backgroundColor": "#fff",
      "flex": 1,
      "height": 200,
      "margin": 5,
    }
  }
  testID="container"
>
  <View
    accessibilityIgnoresInvertColors={true}
    style={
      Object {
        "flex": 1,
        "justifyContent": "flex-start",
        "resizeMode": "cover",
      }
    }
  >
    <Image
      source={1}
      style={
        Array [
          Object {
            "bottom": 0,
            "left": 0,
            "position": "absolute",
            "right": 0,
            "top": 0,
          },
          Object {
            "height": undefined,
            "width": undefined,
          },
          undefined,
        ]
      }
      testID="backgroundImage"
    />
    <View
      style={
        Object {
          "alignItems": "center",
          "backgroundColor": "#1119",
          "flexShrink": 1,
          "justifyContent": "center",
          "width": "100%",
        }
      }
    >
      <Text
        style={
          Object {
            "color": "#fff",
            "flexWrap": "wrap",
            "fontSize": 14,
            "textAlign": "center",
          }
        }
        testID="titleText"
      >
        Test
      </Text>
    </View>
  </View>
</View>
`;
